{Adelaide=15.0/15.0/15.0, Cabo San Lucas=14.9/14.9/14.9, Dodoma=22.2/22.2/22.2, Halifax=12.9/12.9/12.9, Karachi=15.4/15.4/15.4, Pittsburgh=9.7/9.7/9.7, SÃ©gou=25.7/25.7/25.7, Tauranga=38.2/38.2/38.2, Xi'an=24.2/24.2/24.2, Zagreb=12.2/12.2/12.2}
