{B=8.9/8.9/8.9, C=38.9/38.9/38.9, CabindaKermānZunhuaRochesterValenzuelaOrūmīyehWugangShuangqiaoTshikapa=3.0/3.0/3.0, ChesterLobnyaSan LeandroHemeiSolweziGrand BourgKaliboS=23.4/23.4/23.4, MirnaPehčevoRopažiGus=16.7/16.7/16.7, PototanSahuayo de MorelosBambergMosigkauFrancisco BeltrãoJelenia GóraTelêmaco Borb=17.5/17.5/17.5, TanjungpinangKasselHaldiaLuxorLạng SơnAt TājīTaraka=10.6/10.6/10.6, aniCartagoEṭ ṬīraTemerinCormeilles-en-ParisisZawyat ech CheïkhS=25.4/25.4/25.4, burgazAl ḨawīyahSalamancaMbanza KongoNchelengeZhangaözenTurbatMatiMangghystaūMalak=21.5/21.5/21.5, cotánSan Ramón de la Nueva OránWausauGbaweTailaiRochester HillsVilla ElisaToba TekS=11.2/11.2/11.2, eLafayetteAsh Shaţ=14.2/14.2/14.2, en IslandKota BharuCiudad López MateosCelayaVinhDuyunLos Mochis‘AjmānNyalaLarkanaWichitaNishi=11.9/11.9/11.9, epé=28.2/28.2/28.2, hanVarkkallaiPort LokoD=10.9/10.9/10.9, iCoahuitlánRabatJahāngīrpur SālkhaniCamUniversity of California-Santa BarbaraSerravalleTelkathuM=13.4/13.4/13.4, igButeboJuršinciKoaniImdinaNova VasDestrnikVarvarinSkomunGornji PetrovciRibnicaKon TumŠavnikPoul=22.5/22.5/22.5, igButeboJuršinciKoaniImdinaNova VasDestrnikVarvarinSkopunGornji PetrovciRibnicaKon TumŠavnikPodl=11.5/11.5/11.5, igButeboJuršinciKoaniImdinaNova VasDestrnikVarvarinSkopunGornji PetrovciRibnicaKon TumŠavnikPoul=18.5/18.5/18.5, inhoSökeDordrechtPoáLaloG=13.1/13.1/13.1, iudad Melchor MúzquizQuinhámelDa=40.5/40.5/40.5, ixButeboJuršinciKoaniImdinaNova VasDestrnikVarvarinSkomunGornji PetrovciRibnicaKon TumŠavnikPoul=0.1/0.1/0.1, l ‘=14.6/14.6/14.6, lhuleuTacurongNavapolatskPiscoDera Ismail KhanLabéAltamiraCavite CityYevpatoriiaTait=22.8/22.8/22.8, liLoretoPlacentiaAliso ViejoChomaPen-y-Bont ar OgwrCojutepeque=12.4/12.4/12.4, lioúpoliBarahonaHoPhuketLe BardoBuena ParkKayesChampigny-sur-MarneHaskovoChathamBatleyEsteioRe=22.5/22.5/22.5, m el Bo=14.6/14.6/14.6, mazunchaleZrenjaninFouchanaSurtPanč=6.7/6.7/6.7, ngoDübendorfC=11.7/11.7/11.7, nt-A=9.2/9.2/9.2, ntington StationKampong SpeuKakataMoschátoBressoVentspilsSaint-CloudTamboSidi Smai’ilDandenon=14.6/14.6/14.6, oCanagatanHelsinkiJabalpurProvidenceRuchengNizhniy NovgorodAhvāzJeparaShaoyangComayagüe=17.3/17.3/17.3, oGumlāSamā’=14.9/14.9/14.9, os Reyes de SalgadoCinisello BalsamoKashibaH=20.0/20.0/20.0, picuíbaJhang CityTepicJayapuraRio BrancoToyamaFangtingSanandajDelhi CantonmentLinghaiShorāpurToy=13.0/13.0/13.0, raKielSibuYatoParanáSanta ClaraYamagataKatihārBeykozImperat=13.5/13.5/13.5, rhamDera Ghazi KhanMiyazakiBhātpār=21.3/21.3/21.3, rugarhVerāvalAlagoinhasEdremitBandırmaSalavatGandajikaLucapaLeesburgTamaRas Tan=10.9/10.9/10.9, skişeh=12.9/12.9/12.9, venGaopingDunhuaAz Zarqā’SylhetKaihuaCaerdyddJāmnagarFuyuanGayaFlorianópolisC=1.9/1.9/1.9, y-le-MoutierSant’ArpinoPljevljaRo=0.8/0.8/0.8, ça PaulistaDarmstadtZhengdingPindamonhangabaEnschedeGirónUttarpāraHeidelbergK=6.0/6.0/6.0, üSosnowiecTanauanMya=18.4/18.4/18.4, ālSongnimSanto TomasKoiduHoshangābādOpoleNovocheboksarskArarasKhannaPunoKoforiduaAhmadpur E=19.4/19.4/19.4, āng=15.7/15.7/15.7, ġFis=9.6/9.6/9.6, ‘AqabahPembaNowgongQu=12.9/12.9/12.9}
