{Bosaso=19.2/19.2/19.2, Petropavlovsk-Kamchatsky=9.5/9.5/9.5}
