{Bosaso=-15.0/1.3/20.0, Petropavlovsk-Kamchatsky=-9.5/0.0/9.5}
